// Jest Snapshot v1, https://goo.gl/fbAQLP

exports[`Header renders successfuly 1`] = `
<div
  className="StyledBox-sc-13pk1d4-0 brLKxe"
>
  <button
    className="StyledButton-sc-323bzc-0 jfbKsv"
    onBlur={[Function]}
    onFocus={[Function]}
    onMouseOut={[Function]}
    onMouseOver={[Function]}
    type="button"
  >
    <span
      className="StyledText-sc-1sadyjn-0 jScuyG"
      size="large"
    >
      NBA
    </span>
  </button>
</div>
`;
