// Jest Snapshot v1, https://goo.gl/fbAQLP

exports[`DataTable renders successfuly 1`] = `
<div
  className="StyledGrid-sc-1wofa1l-0 dgUwaQ"
>
  <div
    className="StyledBox-sc-13pk1d4-0 brLKxe"
  >
    <button
      className="StyledButton-sc-323bzc-0 jfbKsv"
      onBlur={[Function]}
      onClick={[Function]}
      onFocus={[Function]}
      onMouseOut={[Function]}
      onMouseOver={[Function]}
      type="button"
    >
      <span
        className="StyledText-sc-1sadyjn-0 jScuyG"
        size="large"
      >
        NBA
      </span>
    </button>
  </div>
  <div
    className="StyledBox-sc-13pk1d4-0 mNTkb"
  >
    <a
      aria-current="page"
      className="active"
      href="/"
      onClick={[Function]}
      style={Object {}}
    >
      <button
        className="StyledButton-sc-323bzc-0 jfbKsv"
        onBlur={[Function]}
        onFocus={[Function]}
        onMouseOut={[Function]}
        onMouseOver={[Function]}
        type="button"
      >
        <div
          className="StyledBox-sc-13pk1d4-0 hcMawI"
        >
          <span
            className="StyledText-sc-1sadyjn-0 eTqRlr"
          >
            Home
          </span>
        </div>
      </button>
    </a>
    <a
      aria-current={null}
      href="/favorites"
      onClick={[Function]}
    >
      <button
        className="StyledButton-sc-323bzc-0 jfbKsv"
        onBlur={[Function]}
        onFocus={[Function]}
        onMouseOut={[Function]}
        onMouseOver={[Function]}
        type="button"
      >
        <div
          className="StyledBox-sc-13pk1d4-0 hcMawI"
        >
          <span
            className="StyledText-sc-1sadyjn-0 eTqRlr"
          >
            Favorites
          </span>
        </div>
      </button>
    </a>
  </div>
  <div
    className="StyledBox-sc-13pk1d4-0 lbcOS"
  />
</div>
`;
